<testsuites name="jest tests" tests="4" failures="0" time="7.252">
  <testsuite name="combine modules" errors="0" failures="0" skipped="0" timestamp="2019-01-08T13:18:02" time="3.786" tests="1">
    <testcase classname="combine modules should use default modules without user input" name="combine modules should use default modules without user input" time="0.004">
    </testcase>
  </testsuite>
  <testsuite name="capitalize" errors="0" failures="0" skipped="0" timestamp="2019-01-08T13:18:06" time="0.228" tests="3">
    <testcase classname="capitalize should change lowercased words" name="capitalize should change lowercased words" time="0.001">
    </testcase>
    <testcase classname="capitalize shouldn&apos;t change correct words" name="capitalize shouldn&apos;t change correct words" time="0">
    </testcase>
    <testcase classname="capitalize should only change the first letter" name="capitalize should only change the first letter" time="0.001">
    </testcase>
  </testsuite>
</testsuites>